// Jest Snapshot v1, https://goo.gl/fbAQLP

exports[`ErrorScreen Component Renders ErrorScreen with default props 1`] = `
<View
  style={
    Array [
      Object {
        "alignItems": "center",
        "flexBasis": 0,
        "flexGrow": 1,
        "flexShrink": 1,
        "justifyContent": "center",
      },
    ]
  }
>
  <View
    accessible={true}
    isTVSelectable={true}
    onResponderGrant={[Function]}
    onResponderMove={[Function]}
    onResponderRelease={[Function]}
    onResponderTerminate={[Function]}
    onResponderTerminationRequest={[Function]}
    onStartShouldSetResponder={[Function]}
    style={
      Object {
        "opacity": 1,
      }
    }
    testID="retry-button"
  >
    <Text />
  </View>
  <Text
    style={
      Array [
        Object {
          "color": "#989898",
          "textAlign": "center",
        },
      ]
    }
  >
    An error occured, please try again.
  </Text>
</View>
`;
