// Jest Snapshot v1, https://goo.gl/fbAQLP

exports[`Button Component Renders Button with default props 1`] = `
<View
  accessible={true}
  isTVSelectable={true}
  onResponderGrant={[Function]}
  onResponderMove={[Function]}
  onResponderRelease={[Function]}
  onResponderTerminate={[Function]}
  onResponderTerminationRequest={[Function]}
  onStartShouldSetResponder={[Function]}
  style={
    Object {
      "alignItems": "center",
      "borderColor": "#00F",
      "borderRadius": 50,
      "borderWidth": 1,
      "justifyContent": "center",
      "opacity": 1,
      "paddingHorizontal": 15,
      "paddingVertical": 8,
    }
  }
  testID="button"
>
  Test
</View>
`;
